// Jest Snapshot v1, https://goo.gl/fbAQLP

exports[`COMPONENT Header WILL RENDER 1`] = `null`;
